============================= test session starts ==============================
platform darwin -- Python 3.12.12, pytest-9.0.2, pluggy-1.6.0 -- /Users/rongonzalez/Programming/Code/pythonProjects/automation/.venv/bin/python3
cachedir: .pytest_cache
rootdir: /Users/rongonzalez/Programming/Code/pythonProjects/automation
configfile: pytest.ini
testpaths: tests
plugins: playwright-0.7.2, cov-7.1.0, base-url-2.1.0, anyio-4.13.0
collecting ... collected 41 items

tests/e2e/test_login.py::test_successful_login ERROR                     [  2%]
tests/e2e/test_login.py::test_invalid_username FAILED                    [  4%]
tests/e2e/test_login.py::test_invalid_password FAILED                    [  7%]
tests/e2e/test_login.py::test_logout ERROR                               [  9%]
tests/e2e/test_playwright_smoke.py::test_homepage_title PASSED           [ 12%]
tests/e2e/test_topics.py::test_create_topic ERROR                        [ 14%]
tests/e2e/test_user_registration.py::test_registration_page_accessibility PASSED [ 17%]
tests/e2e/test_user_registration.py::test_successful_registration_new_user PASSED [ 19%]
tests/e2e/test_user_registration.py::test_registration_duplicate_username PASSED [ 21%]
tests/e2e/test_user_registration.py::test_registration_password_mismatch PASSED [ 24%]
tests/e2e/test_user_registration.py::test_registration_weak_password PASSED [ 26%]
tests/e2e/test_user_registration.py::test_registration_empty_fields PASSED [ 29%]
tests/e2e/test_user_registration.py::test_registration_username_too_long PASSED [ 31%]
tests/e2e/test_user_registration.py::test_registration_special_characters_username PASSED [ 34%]
tests/e2e/test_user_registration.py::test_registration_password_similar_to_username PASSED [ 36%]
tests/e2e/test_user_registration.py::test_registration_common_password PASSED [ 39%]
tests/e2e/test_user_registration.py::test_registration_numeric_only_password PASSED [ 41%]
tests/e2e/test_user_registration.py::test_registration_form_field_labels PASSED [ 43%]
tests/e2e/test_user_registration.py::test_registration_multiple_sequential_users PASSED [ 46%]
tests/test_append_file_tools.py::test_append_file_success PASSED         [ 48%]
tests/test_append_file_tools.py::test_append_file_multiple_appends PASSED [ 51%]
tests/test_append_file_tools.py::test_append_file_creates_parent_directory PASSED [ 53%]
tests/test_append_file_tools.py::test_append_file_invalid_path PASSED    [ 56%]
tests/unit/test_append_file_tools.py::test_append_file_success PASSED    [ 58%]
tests/unit/test_append_file_tools.py::test_append_file_multiple_appends PASSED [ 60%]
tests/unit/test_append_file_tools.py::test_append_file_creates_parent_directory PASSED [ 63%]
tests/unit/test_append_file_tools.py::test_append_file_invalid_path PASSED [ 65%]
tests/unit/test_directory_tools.py::test_list_directory_returns_items PASSED [ 68%]
tests/unit/test_directory_tools.py::test_list_directory_not_found PASSED [ 70%]
tests/unit/test_directory_tools.py::test_list_directory_empty PASSED     [ 73%]
tests/unit/test_read_file_tools.py::test_read_file_success PASSED        [ 75%]
tests/unit/test_read_file_tools.py::test_read_file_not_found PASSED      [ 78%]
tests/unit/test_read_file_tools.py::test_read_file_empty_file PASSED     [ 80%]
tests/unit/test_search_text_tools.py::test_search_text_success PASSED    [ 82%]
tests/unit/test_search_text_tools.py::test_search_text_no_match PASSED   [ 85%]
tests/unit/test_search_text_tools.py::test_search_text_path_not_found PASSED [ 87%]
tests/unit/test_smoke.py::test_smoke PASSED                              [ 90%]
tests/unit/test_tool_registry.py::test_register_and_execute_tool PASSED  [ 92%]
tests/unit/test_write_file_tools.py::test_write_file_success PASSED      [ 95%]
tests/unit/test_write_file_tools.py::test_write_file_overwrite PASSED    [ 97%]
tests/unit/test_write_file_tools.py::test_write_file_invalid_path PASSED [100%]

==================================== ERRORS ====================================
___________________ ERROR at setup of test_successful_login ____________________
file /Users/rongonzalez/Programming/Code/pythonProjects/automation/tests/e2e/test_login.py, line 4
  def test_successful_login(logged_in_user, base_url):
E       fixture 'logged_in_user' not found
>       available fixtures: _artifacts_recorder, _pw_artifacts_folder, _verify_url, anyio_backend, anyio_backend_name, anyio_backend_options, authenticated_page, base_url, browser, browser_channel, browser_context_args, browser_name, browser_type, browser_type_launch_args, cache, capfd, capfdbinary, caplog, capsys, capsysbinary, capteesys, connect_options, context, cov, delete_output_dir, device, doctest_namespace, free_tcp_port, free_tcp_port_factory, free_udp_port, free_udp_port_factory, is_chromium, is_firefox, is_webkit, launch_browser, monkeypatch, new_context, no_cover, output_path, page, playwright, pytestconfig, quick_login, quick_register, record_property, record_testsuite_property, record_xml_attribute, recwarn, registered_user, subtests, tmp_path, tmp_path_factory, tmpdir, tmpdir_factory
>       use 'pytest --fixtures [testpath]' for help on them.

/Users/rongonzalez/Programming/Code/pythonProjects/automation/tests/e2e/test_login.py:4
________________________ ERROR at setup of test_logout _________________________
file /Users/rongonzalez/Programming/Code/pythonProjects/automation/tests/e2e/test_login.py, line 85
  def test_logout(logged_in_user, base_url):
E       fixture 'logged_in_user' not found
>       available fixtures: _artifacts_recorder, _pw_artifacts_folder, _verify_url, anyio_backend, anyio_backend_name, anyio_backend_options, authenticated_page, base_url, browser, browser_channel, browser_context_args, browser_name, browser_type, browser_type_launch_args, cache, capfd, capfdbinary, caplog, capsys, capsysbinary, capteesys, connect_options, context, cov, delete_output_dir, device, doctest_namespace, free_tcp_port, free_tcp_port_factory, free_udp_port, free_udp_port_factory, is_chromium, is_firefox, is_webkit, launch_browser, monkeypatch, new_context, no_cover, output_path, page, playwright, pytestconfig, quick_login, quick_register, record_property, record_testsuite_property, record_xml_attribute, recwarn, registered_user, subtests, tmp_path, tmp_path_factory, tmpdir, tmpdir_factory
>       use 'pytest --fixtures [testpath]' for help on them.

/Users/rongonzalez/Programming/Code/pythonProjects/automation/tests/e2e/test_login.py:85
_____________________ ERROR at setup of test_create_topic ______________________
file /Users/rongonzalez/Programming/Code/pythonProjects/automation/tests/e2e/test_topics.py, line 4
  def test_create_topic(logged_in_user):
E       fixture 'logged_in_user' not found
>       available fixtures: _artifacts_recorder, _pw_artifacts_folder, _verify_url, anyio_backend, anyio_backend_name, anyio_backend_options, authenticated_page, base_url, browser, browser_channel, browser_context_args, browser_name, browser_type, browser_type_launch_args, cache, capfd, capfdbinary, caplog, capsys, capsysbinary, capteesys, connect_options, context, cov, delete_output_dir, device, doctest_namespace, free_tcp_port, free_tcp_port_factory, free_udp_port, free_udp_port_factory, is_chromium, is_firefox, is_webkit, launch_browser, monkeypatch, new_context, no_cover, output_path, page, playwright, pytestconfig, quick_login, quick_register, record_property, record_testsuite_property, record_xml_attribute, recwarn, registered_user, subtests, tmp_path, tmp_path_factory, tmpdir, tmpdir_factory
>       use 'pytest --fixtures [testpath]' for help on them.

/Users/rongonzalez/Programming/Code/pythonProjects/automation/tests/e2e/test_topics.py:4
=================================== FAILURES ===================================
____________________________ test_invalid_username _____________________________
tests/e2e/test_login.py:28: in test_invalid_username
    page.goto(
.venv/lib/python3.12/site-packages/playwright/sync_api/_generated.py:9054: in goto
    self._sync(
.venv/lib/python3.12/site-packages/playwright/_impl/_page.py:552: in goto
    return await self._main_frame.goto(**locals_to_params(locals()))
           ^^^^^^^^^^^^^^^^^^^^^^^^^^^^^^^^^^^^^^^^^^^^^^^^^^^^^^^^^
.venv/lib/python3.12/site-packages/playwright/_impl/_frame.py:153: in goto
    await self._channel.send(
.venv/lib/python3.12/site-packages/playwright/_impl/_connection.py:69: in send
    return await self._connection.wrap_api_call(
.venv/lib/python3.12/site-packages/playwright/_impl/_connection.py:559: in wrap_api_call
    raise rewrite_error(error, f"{parsed_st['apiName']}: {error}") from None
E   playwright._impl._errors.Error: Page.goto: Protocol error (Page.navigate): Cannot navigate to invalid URL
E   Call log:
E     - navigating to "/users/login/", waiting until "load"
____________________________ test_invalid_password _____________________________
tests/e2e/test_login.py:59: in test_invalid_password
    page.goto(
.venv/lib/python3.12/site-packages/playwright/sync_api/_generated.py:9054: in goto
    self._sync(
.venv/lib/python3.12/site-packages/playwright/_impl/_page.py:552: in goto
    return await self._main_frame.goto(**locals_to_params(locals()))
           ^^^^^^^^^^^^^^^^^^^^^^^^^^^^^^^^^^^^^^^^^^^^^^^^^^^^^^^^^
.venv/lib/python3.12/site-packages/playwright/_impl/_frame.py:153: in goto
    await self._channel.send(
.venv/lib/python3.12/site-packages/playwright/_impl/_connection.py:69: in send
    return await self._connection.wrap_api_call(
.venv/lib/python3.12/site-packages/playwright/_impl/_connection.py:559: in wrap_api_call
    raise rewrite_error(error, f"{parsed_st['apiName']}: {error}") from None
E   playwright._impl._errors.Error: Page.goto: Protocol error (Page.navigate): Cannot navigate to invalid URL
E   Call log:
E     - navigating to "/users/login/", waiting until "load"
============================= slowest 10 durations =============================
3.77s setup    tests/e2e/test_login.py::test_invalid_username
3.20s call     tests/e2e/test_user_registration.py::test_registration_multiple_sequential_users
2.39s call     tests/e2e/test_user_registration.py::test_registration_empty_fields
1.95s call     tests/e2e/test_user_registration.py::test_registration_duplicate_username
1.19s setup    tests/e2e/test_user_registration.py::test_registration_password_mismatch
1.12s call     tests/e2e/test_user_registration.py::test_successful_registration_new_user
0.98s call     tests/e2e/test_user_registration.py::test_registration_special_characters_username
0.91s setup    tests/e2e/test_user_registration.py::test_registration_page_accessibility
0.88s setup    tests/e2e/test_user_registration.py::test_registration_password_similar_to_username
0.87s setup    tests/e2e/test_user_registration.py::test_registration_duplicate_username
=========================== short test summary info ============================
ERROR tests/e2e/test_login.py::test_successful_login
ERROR tests/e2e/test_login.py::test_logout
ERROR tests/e2e/test_topics.py::test_create_topic
FAILED tests/e2e/test_login.py::test_invalid_username - playwright._impl._err...
FAILED tests/e2e/test_login.py::test_invalid_password - playwright._impl._err...
=================== 2 failed, 36 passed, 3 errors in 33.82s ====================
